// Jest Snapshot v1, https://goo.gl/fbAQLP

exports[`CreatePoll should load CreatePoll 1`] = `
Object {
  "asFragment": [Function],
  "baseElement": <body>
    <div>
      <div
        class="create-container"
      >
        <img
          alt="vote"
          class="vote"
          src="/images/vote.png"
        />
        <h2
          class="heading"
        >
          Would You Rather?..
        </h2>
        <form>
          <input
            data-testid="optionOne"
            placeholder="Option One"
            type="text"
          />
          <input
            data-testid="optionTwo"
            placeholder="Option Two"
            type="text"
          />
          <button
            data-testid="submitQuestion"
            disabled=""
            type="submit"
          >
            SUBMIT
          </button>
        </form>
      </div>
    </div>
  </body>,
  "container": <div>
    <div
      class="create-container"
    >
      <img
        alt="vote"
        class="vote"
        src="/images/vote.png"
      />
      <h2
        class="heading"
      >
        Would You Rather?..
      </h2>
      <form>
        <input
          data-testid="optionOne"
          placeholder="Option One"
          type="text"
        />
        <input
          data-testid="optionTwo"
          placeholder="Option Two"
          type="text"
        />
        <button
          data-testid="submitQuestion"
          disabled=""
          type="submit"
        >
          SUBMIT
        </button>
      </form>
    </div>
  </div>,
  "debug": [Function],
  "findAllByAltText": [Function],
  "findAllByDisplayValue": [Function],
  "findAllByLabelText": [Function],
  "findAllByPlaceholderText": [Function],
  "findAllByRole": [Function],
  "findAllByTestId": [Function],
  "findAllByText": [Function],
  "findAllByTitle": [Function],
  "findByAltText": [Function],
  "findByDisplayValue": [Function],
  "findByLabelText": [Function],
  "findByPlaceholderText": [Function],
  "findByRole": [Function],
  "findByTestId": [Function],
  "findByText": [Function],
  "findByTitle": [Function],
  "getAllByAltText": [Function],
  "getAllByDisplayValue": [Function],
  "getAllByLabelText": [Function],
  "getAllByPlaceholderText": [Function],
  "getAllByRole": [Function],
  "getAllByTestId": [Function],
  "getAllByText": [Function],
  "getAllByTitle": [Function],
  "getByAltText": [Function],
  "getByDisplayValue": [Function],
  "getByLabelText": [Function],
  "getByPlaceholderText": [Function],
  "getByRole": [Function],
  "getByTestId": [Function],
  "getByText": [Function],
  "getByTitle": [Function],
  "queryAllByAltText": [Function],
  "queryAllByDisplayValue": [Function],
  "queryAllByLabelText": [Function],
  "queryAllByPlaceholderText": [Function],
  "queryAllByRole": [Function],
  "queryAllByTestId": [Function],
  "queryAllByText": [Function],
  "queryAllByTitle": [Function],
  "queryByAltText": [Function],
  "queryByDisplayValue": [Function],
  "queryByLabelText": [Function],
  "queryByPlaceholderText": [Function],
  "queryByRole": [Function],
  "queryByTestId": [Function],
  "queryByText": [Function],
  "queryByTitle": [Function],
  "rerender": [Function],
  "unmount": [Function],
}
`;
